I'm sorry, but errors were detected in your script. Please correct the
errors listed below, and try again.


File "game/script-opening.rpy", line 38: Line is indented, but the preceding say statement statement does not expect a block. Please check this line's indentation.
    m "Bana ne yaptın?"
    ^

Ren'Py Version: Ren'Py 6.99.12.4.2187
